[2026-04-24 07:38:49] === AIKB Ingest starting ===
[2026-04-24 07:38:50] Scraping Outlook...
[2026-04-24 07:39:58] Outlook scrape OK
[2026-04-24 07:39:58] Copying Teams LevelDB...
[2026-04-24 07:40:02] Teams LDB copy OK
[2026-04-24 07:40:02] Running analysis...
Loading Teams messages (last 30 days)...
  2460 signal messages loaded
Loading conversation names...
  239 conversations named
Generating report...
  Written: /home/tmcglothin/code/AIKB/work/teams-intel-last30.md (78296 chars, 587 lines)
[2026-04-24 07:42:36] Teams analysis OK
Loaded 633 emails from Outlook export
  416 signal emails after noise filter
Written: /home/tmcglothin/code/AIKB/work/infra-intel-last30.md (755 lines)
[2026-04-24 07:42:36] Outlook analysis OK
[2026-04-24 07:42:36] Committing to AIKB...
[2026-04-24 07:42:37] Push OK
[2026-04-24 07:42:37] === AIKB Ingest complete ===
[2026-04-24 11:36:46] === AIKB Ingest starting ===
[2026-04-24 11:36:47] Scraping Outlook...
[2026-04-24 11:37:06] Outlook scrape OK
[2026-04-24 11:37:06] Copying Teams LevelDB...
[2026-04-24 11:37:10] Teams LDB copy OK
[2026-04-24 11:37:10] Running analysis...
Loading Teams messages (last 30 days)...
  2452 signal messages loaded
Loading conversation names...
  237 conversations named
Generating report...
  Written: /home/tmcglothin/code/AIKB/work/teams-intel-last30.md (69788 chars, 537 lines)
[2026-04-24 11:39:10] Teams analysis OK
Loaded 637 emails from Outlook export
  421 signal emails after noise filter
Written: /home/tmcglothin/code/AIKB/work/infra-intel-last30.md (754 lines)
[2026-04-24 11:39:10] Outlook analysis OK
[2026-04-24 11:39:10] Committing to AIKB...
[2026-04-24 11:39:11] Push OK
[2026-04-24 11:39:11] === AIKB Ingest complete ===
[2026-04-24 15:36:45] === AIKB Ingest starting ===
[2026-04-24 15:36:46] Scraping Outlook...
[2026-04-24 15:36:59] Outlook scrape OK
[2026-04-24 15:36:59] Copying Teams LevelDB...
[2026-04-24 15:37:01] Teams LDB copy OK
[2026-04-24 15:37:01] Running analysis...
Loading Teams messages (last 30 days)...
  2457 signal messages loaded
Loading conversation names...
  238 conversations named
Generating report...
  Written: /home/tmcglothin/code/AIKB/work/teams-intel-last30.md (77647 chars, 603 lines)
[2026-04-24 15:39:07] Teams analysis OK
Loaded 639 emails from Outlook export
  420 signal emails after noise filter
Written: /home/tmcglothin/code/AIKB/work/infra-intel-last30.md (756 lines)
[2026-04-24 15:39:07] Outlook analysis OK
[2026-04-24 15:39:07] Committing to AIKB...
[2026-04-24 15:39:08] Push OK
[2026-04-24 15:39:08] === AIKB Ingest complete ===
[2026-04-24 19:36:45] === AIKB Ingest starting ===
[2026-04-24 19:36:45] Scraping Outlook...
[2026-04-24 19:36:53] Outlook scrape OK
[2026-04-24 19:36:53] Copying Teams LevelDB...
[2026-04-24 19:36:56] Teams LDB copy OK
[2026-04-24 19:36:56] Running analysis...
Loading Teams messages (last 30 days)...
  2449 signal messages loaded
Loading conversation names...
  237 conversations named
Generating report...
  Written: /home/tmcglothin/code/AIKB/work/teams-intel-last30.md (78083 chars, 603 lines)
[2026-04-24 19:39:04] Teams analysis OK
Loaded 641 emails from Outlook export
  424 signal emails after noise filter
Written: /home/tmcglothin/code/AIKB/work/infra-intel-last30.md (750 lines)
[2026-04-24 19:39:04] Outlook analysis OK
[2026-04-24 19:39:04] Committing to AIKB...
[2026-04-24 19:39:05] Push OK
[2026-04-24 19:39:05] === AIKB Ingest complete ===
[2026-04-25 00:51:59] === AIKB Ingest starting ===
[2026-04-25 00:52:00] Scraping Outlook...
[2026-04-25 00:52:11] WARN: Outlook scrape failed (Outlook may not be running)
[2026-04-25 00:52:11] Copying Teams LevelDB...
[2026-04-25 00:52:21] WARN: Teams LDB copy failed
[2026-04-25 00:52:21] Running analysis...
Loading Teams messages (last 30 days)...
  2449 signal messages loaded
Loading conversation names...
  237 conversations named
Generating report...
  Written: /home/tmcglothin/code/AIKB/work/teams-intel-last30.md (67501 chars, 505 lines)
[2026-04-25 00:55:18] Teams analysis OK
Loaded 641 emails from Outlook export
  424 signal emails after noise filter
Written: /home/tmcglothin/code/AIKB/work/infra-intel-last30.md (750 lines)
[2026-04-25 00:55:19] Outlook analysis OK
[2026-04-25 00:55:19] Committing to AIKB...
[2026-04-25 00:55:19] Push OK
[2026-04-25 00:55:19] === AIKB Ingest complete ===
[2026-04-25 03:36:45] === AIKB Ingest starting ===
[2026-04-25 03:36:45] Scraping Outlook...
[2026-04-25 03:36:53] Outlook scrape OK
[2026-04-25 03:36:53] Copying Teams LevelDB...
[2026-04-25 03:36:55] Teams LDB copy OK
[2026-04-25 03:36:55] Running analysis...
Loading Teams messages (last 30 days)...
  2449 signal messages loaded
Loading conversation names...
  237 conversations named
Generating report...
  Written: /home/tmcglothin/code/AIKB/work/teams-intel-last30.md (67501 chars, 505 lines)
[2026-04-25 03:39:01] Teams analysis OK
Loaded 642 emails from Outlook export
  425 signal emails after noise filter
Written: /home/tmcglothin/code/AIKB/work/infra-intel-last30.md (752 lines)
[2026-04-25 03:39:01] Outlook analysis OK
[2026-04-25 03:39:01] Committing to AIKB...
[2026-04-25 03:39:02] Push OK
[2026-04-25 03:39:02] === AIKB Ingest complete ===
[2026-04-25 06:00:02] === AIKB Ingest starting ===
[2026-04-25 06:00:03] Scraping Outlook...
[2026-04-25 06:00:11] Outlook scrape OK
[2026-04-25 06:00:11] Copying Teams LevelDB...
[2026-04-25 06:00:12] Teams LDB copy OK
[2026-04-25 06:00:12] Running analysis...
Loading Teams messages (last 30 days)...
  2449 signal messages loaded
Loading conversation names...
  237 conversations named
Generating report...
  Written: /home/tmcglothin/code/AIKB/work/teams-intel-last30.md (67501 chars, 505 lines)
[2026-04-25 06:02:20] Teams analysis OK
Loaded 642 emails from Outlook export
  425 signal emails after noise filter
Written: /home/tmcglothin/code/AIKB/work/infra-intel-last30.md (752 lines)
[2026-04-25 06:02:20] Outlook analysis OK
[2026-04-25 06:02:20] Committing to AIKB...
[2026-04-25 06:02:21] Push OK
[2026-04-25 06:02:21] === AIKB Ingest complete ===
[2026-04-25 07:36:45] === AIKB Ingest starting ===
[2026-04-25 07:36:45] Scraping Outlook...
[2026-04-25 07:36:53] Outlook scrape OK
[2026-04-25 07:36:53] Copying Teams LevelDB...
[2026-04-25 07:36:54] Teams LDB copy OK
[2026-04-25 07:36:54] Running analysis...
Loading Teams messages (last 30 days)...
  2449 signal messages loaded
Loading conversation names...
  242 conversations named
Generating report...
  Written: /home/tmcglothin/code/AIKB/work/teams-intel-last30.md (69012 chars, 520 lines)
[2026-04-25 07:38:59] Teams analysis OK
Loaded 641 emails from Outlook export
  426 signal emails after noise filter
Written: /home/tmcglothin/code/AIKB/work/infra-intel-last30.md (754 lines)
[2026-04-25 07:38:59] Outlook analysis OK
[2026-04-25 07:38:59] Committing to AIKB...
[2026-04-25 07:39:00] Push OK
[2026-04-25 07:39:00] === AIKB Ingest complete ===
[2026-04-25 10:00:03] === AIKB Ingest starting ===
[2026-04-25 10:00:04] Scraping Outlook...
[2026-04-25 10:00:25] Outlook scrape OK
[2026-04-25 10:00:25] Copying Teams LevelDB...
[2026-04-25 10:00:27] Teams LDB copy OK
[2026-04-25 10:00:27] Running analysis...
Loading Teams messages (last 30 days)...
  2449 signal messages loaded
Loading conversation names...
  242 conversations named
Generating report...
  Written: /home/tmcglothin/code/AIKB/work/teams-intel-last30.md (69012 chars, 520 lines)
[2026-04-25 10:03:02] Teams analysis OK
Loaded 639 emails from Outlook export
  426 signal emails after noise filter
Written: /home/tmcglothin/code/AIKB/work/infra-intel-last30.md (754 lines)
[2026-04-25 10:03:02] Outlook analysis OK
[2026-04-25 10:03:02] Committing to AIKB...
[2026-04-25 10:03:03] Push OK
[2026-04-25 10:03:03] === AIKB Ingest complete ===
[2026-04-25 14:00:03] === AIKB Ingest starting ===
[2026-04-25 14:00:03] Scraping Outlook...
[2026-04-25 14:00:12] Outlook scrape OK
[2026-04-25 14:00:12] Copying Teams LevelDB...
[2026-04-25 14:00:14] Teams LDB copy OK
[2026-04-25 14:00:14] Running analysis...
Loading Teams messages (last 30 days)...
  2401 signal messages loaded
Loading conversation names...
  237 conversations named
Generating report...
  Written: /home/tmcglothin/code/AIKB/work/teams-intel-last30.md (66855 chars, 500 lines)
[2026-04-25 14:02:28] Teams analysis OK
Loaded 637 emails from Outlook export
  423 signal emails after noise filter
Written: /home/tmcglothin/code/AIKB/work/infra-intel-last30.md (754 lines)
[2026-04-25 14:02:29] Outlook analysis OK
[2026-04-25 14:02:29] Committing to AIKB...
[2026-04-25 14:02:29] Push OK
[2026-04-25 14:02:29] === AIKB Ingest complete ===
[2026-04-25 18:00:02] === AIKB Ingest starting ===
[2026-04-25 18:00:03] Scraping Outlook...
[2026-04-25 18:00:11] Outlook scrape OK
[2026-04-25 18:00:11] Copying Teams LevelDB...
[2026-04-25 18:00:13] Teams LDB copy OK
[2026-04-25 18:00:13] Running analysis...
Loading Teams messages (last 30 days)...
  2311 signal messages loaded
Loading conversation names...
  237 conversations named
Generating report...
  Written: /home/tmcglothin/code/AIKB/work/teams-intel-last30.md (66855 chars, 500 lines)
[2026-04-25 18:02:28] Teams analysis OK
Loaded 629 emails from Outlook export
  416 signal emails after noise filter
Written: /home/tmcglothin/code/AIKB/work/infra-intel-last30.md (754 lines)
[2026-04-25 18:02:28] Outlook analysis OK
[2026-04-25 18:02:28] Committing to AIKB...
[2026-04-25 18:02:29] Push OK
[2026-04-25 18:02:29] === AIKB Ingest complete ===
[2026-04-25 22:00:02] === AIKB Ingest starting ===
[2026-04-25 22:00:03] Scraping Outlook...
[2026-04-25 22:00:11] Outlook scrape OK
[2026-04-25 22:00:11] Copying Teams LevelDB...
[2026-04-25 22:00:12] Teams LDB copy OK
[2026-04-25 22:00:13] Running analysis...
Loading Teams messages (last 30 days)...
  2311 signal messages loaded
Loading conversation names...
  237 conversations named
Generating report...
  Written: /home/tmcglothin/code/AIKB/work/teams-intel-last30.md (66855 chars, 500 lines)
[2026-04-25 22:02:24] Teams analysis OK
Loaded 623 emails from Outlook export
  411 signal emails after noise filter
Written: /home/tmcglothin/code/AIKB/work/infra-intel-last30.md (750 lines)
[2026-04-25 22:02:24] Outlook analysis OK
[2026-04-25 22:02:24] Committing to AIKB...
[2026-04-25 22:02:25] Push OK
[2026-04-25 22:02:25] === AIKB Ingest complete ===
[2026-04-26 04:08:27] === AIKB Ingest starting ===
[2026-04-26 04:08:28] Scraping Outlook...
[2026-04-26 04:08:38] WARN: Outlook scrape failed (Outlook may not be running)
[2026-04-26 04:08:38] Copying Teams LevelDB...
[2026-04-26 04:08:48] WARN: Teams LDB copy failed
[2026-04-26 04:08:48] Running analysis...
Loading Teams messages (last 30 days)...
  2311 signal messages loaded
Loading conversation names...
  237 conversations named
Generating report...
  Written: /home/tmcglothin/code/AIKB/work/teams-intel-last30.md (66855 chars, 500 lines)
[2026-04-26 04:12:54] Teams analysis OK
Loaded 623 emails from Outlook export
  411 signal emails after noise filter
Written: /home/tmcglothin/code/AIKB/work/infra-intel-last30.md (750 lines)
[2026-04-26 04:12:54] Outlook analysis OK
[2026-04-26 04:12:55] Committing to AIKB...
[2026-04-26 04:12:56] Push OK
[2026-04-26 04:12:56] === AIKB Ingest complete ===
[2026-04-26 08:19:28] === AIKB Ingest starting ===
[2026-04-26 08:19:28] Scraping Outlook...
[2026-04-26 08:19:40] WARN: Outlook scrape failed (Outlook may not be running)
[2026-04-26 08:19:40] Copying Teams LevelDB...
[2026-04-26 08:19:50] WARN: Teams LDB copy failed
[2026-04-26 08:19:50] Running analysis...
Loading Teams messages (last 30 days)...
  2308 signal messages loaded
Loading conversation names...
  237 conversations named
Generating report...
  Written: /home/tmcglothin/code/AIKB/work/teams-intel-last30.md (66855 chars, 500 lines)
[2026-04-26 08:24:51] Teams analysis OK
Loaded 623 emails from Outlook export
  411 signal emails after noise filter
Written: /home/tmcglothin/code/AIKB/work/infra-intel-last30.md (750 lines)
[2026-04-26 08:24:51] Outlook analysis OK
[2026-04-26 08:24:51] Committing to AIKB...
[2026-04-26 08:24:52] Push OK
[2026-04-26 08:24:52] === AIKB Ingest complete ===
[2026-04-26 12:16:49] === AIKB Ingest starting ===
[2026-04-26 12:16:49] Scraping Outlook...
[2026-04-26 12:16:57] Outlook scrape OK
[2026-04-26 12:16:57] Copying Teams LevelDB...
[2026-04-26 12:16:59] Teams LDB copy OK
[2026-04-26 12:16:59] Running analysis...
Loading Teams messages (last 30 days)...
  2268 signal messages loaded
Loading conversation names...
  7 conversations named
Generating report...
  Written: /home/tmcglothin/code/AIKB/work/teams-intel-last30.md (1805 chars, 31 lines)
[2026-04-26 12:19:17] Teams analysis OK
Loaded 628 emails from Outlook export
  411 signal emails after noise filter
Written: /home/tmcglothin/code/AIKB/work/infra-intel-last30.md (752 lines)
[2026-04-26 12:19:18] Outlook analysis OK
[2026-04-26 12:19:18] Committing to AIKB...
[2026-04-26 12:19:19] Push OK
[2026-04-26 12:19:19] === AIKB Ingest complete ===
[2026-04-26 16:16:49] === AIKB Ingest starting ===
[2026-04-26 16:16:49] Scraping Outlook...
[2026-04-26 16:16:57] Outlook scrape OK
[2026-04-26 16:16:57] Copying Teams LevelDB...
[2026-04-26 16:17:00] Teams LDB copy OK
[2026-04-26 16:17:00] Running analysis...
Loading Teams messages (last 30 days)...
  2253 signal messages loaded
Loading conversation names...
  237 conversations named
Generating report...
  Written: /home/tmcglothin/code/AIKB/work/teams-intel-last30.md (66083 chars, 497 lines)
[2026-04-26 16:19:20] Teams analysis OK
Loaded 623 emails from Outlook export
  406 signal emails after noise filter
Written: /home/tmcglothin/code/AIKB/work/infra-intel-last30.md (752 lines)
[2026-04-26 16:19:21] Outlook analysis OK
[2026-04-26 16:19:21] Committing to AIKB...
[2026-04-26 16:19:22] Push OK
[2026-04-26 16:19:22] === AIKB Ingest complete ===
[2026-04-26 20:16:49] === AIKB Ingest starting ===
[2026-04-26 20:16:49] Scraping Outlook...
[2026-04-26 20:16:58] Outlook scrape OK
[2026-04-26 20:16:58] Copying Teams LevelDB...
[2026-04-26 20:17:00] Teams LDB copy OK
[2026-04-26 20:17:00] Running analysis...
Loading Teams messages (last 30 days)...
  2252 signal messages loaded
Loading conversation names...
  237 conversations named
Generating report...
  Written: /home/tmcglothin/code/AIKB/work/teams-intel-last30.md (65821 chars, 496 lines)
[2026-04-26 20:19:27] Teams analysis OK
Loaded 619 emails from Outlook export
  404 signal emails after noise filter
Written: /home/tmcglothin/code/AIKB/work/infra-intel-last30.md (752 lines)
[2026-04-26 20:19:28] Outlook analysis OK
[2026-04-26 20:19:28] Committing to AIKB...
[2026-04-26 20:19:29] Push OK
[2026-04-26 20:19:29] === AIKB Ingest complete ===
[2026-04-27 00:16:49] === AIKB Ingest starting ===
[2026-04-27 00:16:50] Scraping Outlook...
[2026-04-27 00:17:03] Outlook scrape OK
[2026-04-27 00:17:03] Copying Teams LevelDB...
[2026-04-27 00:17:05] Teams LDB copy OK
[2026-04-27 00:17:05] Running analysis...
Loading Teams messages (last 30 days)...
  2252 signal messages loaded
Loading conversation names...
  237 conversations named
Generating report...
  Written: /home/tmcglothin/code/AIKB/work/teams-intel-last30.md (65821 chars, 496 lines)
[2026-04-27 00:19:42] Teams analysis OK
Loaded 619 emails from Outlook export
  404 signal emails after noise filter
Written: /home/tmcglothin/code/AIKB/work/infra-intel-last30.md (752 lines)
[2026-04-27 00:19:43] Outlook analysis OK
[2026-04-27 00:19:43] Committing to AIKB...
[2026-04-27 00:19:44] Push OK
[2026-04-27 00:19:44] === AIKB Ingest complete ===
[2026-04-27 04:16:49] === AIKB Ingest starting ===
[2026-04-27 04:16:49] Scraping Outlook...
[2026-04-27 04:16:57] Outlook scrape OK
[2026-04-27 04:16:57] Copying Teams LevelDB...
[2026-04-27 04:16:59] Teams LDB copy OK
[2026-04-27 04:16:59] Running analysis...
Loading Teams messages (last 30 days)...
  2253 signal messages loaded
Loading conversation names...
  237 conversations named
Generating report...
  Written: /home/tmcglothin/code/AIKB/work/teams-intel-last30.md (65979 chars, 501 lines)
[2026-04-27 04:19:21] Teams analysis OK
Loaded 626 emails from Outlook export
  408 signal emails after noise filter
Written: /home/tmcglothin/code/AIKB/work/infra-intel-last30.md (758 lines)
[2026-04-27 04:19:21] Outlook analysis OK
[2026-04-27 04:19:21] Committing to AIKB...
[2026-04-27 04:19:22] Push OK
[2026-04-27 04:19:22] === AIKB Ingest complete ===
[2026-04-27 06:00:02] === AIKB Ingest starting ===
[2026-04-27 06:00:03] Scraping Outlook...
[2026-04-27 06:00:09] Outlook scrape OK
[2026-04-27 06:00:09] Copying Teams LevelDB...
[2026-04-27 06:00:11] Teams LDB copy OK
[2026-04-27 06:00:11] Running analysis...
Loading Teams messages (last 30 days)...
  2253 signal messages loaded
Loading conversation names...
  237 conversations named
Generating report...
  Written: /home/tmcglothin/code/AIKB/work/teams-intel-last30.md (65979 chars, 501 lines)
[2026-04-27 06:02:06] Teams analysis OK
Loaded 626 emails from Outlook export
  409 signal emails after noise filter
Written: /home/tmcglothin/code/AIKB/work/infra-intel-last30.md (756 lines)
[2026-04-27 06:02:06] Outlook analysis OK
[2026-04-27 06:02:06] Committing to AIKB...
[2026-04-27 06:02:07] Push OK
[2026-04-27 06:02:07] === AIKB Ingest complete ===
[2026-04-27 08:16:49] === AIKB Ingest starting ===
[2026-04-27 08:16:49] Scraping Outlook...
[2026-04-27 08:16:56] Outlook scrape OK
[2026-04-27 08:16:56] Copying Teams LevelDB...
[2026-04-27 08:16:57] Teams LDB copy OK
[2026-04-27 08:16:57] Running analysis...
Loading Teams messages (last 30 days)...
  2253 signal messages loaded
Loading conversation names...
  237 conversations named
Generating report...
  Written: /home/tmcglothin/code/AIKB/work/teams-intel-last30.md (65979 chars, 501 lines)
[2026-04-27 08:18:54] Teams analysis OK
Loaded 627 emails from Outlook export
  409 signal emails after noise filter
Written: /home/tmcglothin/code/AIKB/work/infra-intel-last30.md (756 lines)
[2026-04-27 08:18:54] Outlook analysis OK
[2026-04-27 08:18:54] Committing to AIKB...
[2026-04-27 08:18:55] Push OK
[2026-04-27 08:18:55] === AIKB Ingest complete ===
[2026-04-27 10:00:02] === AIKB Ingest starting ===
[2026-04-27 10:00:03] Scraping Outlook...
[2026-04-27 10:00:10] Outlook scrape OK
[2026-04-27 10:00:10] Copying Teams LevelDB...
[2026-04-27 10:00:12] Teams LDB copy OK
[2026-04-27 10:00:12] Running analysis...
Loading Teams messages (last 30 days)...
  2267 signal messages loaded
Loading conversation names...
  237 conversations named
Generating report...
  Written: /home/tmcglothin/code/AIKB/work/teams-intel-last30.md (67762 chars, 517 lines)
[2026-04-27 10:02:04] Teams analysis OK
Loaded 631 emails from Outlook export
  413 signal emails after noise filter
Written: /home/tmcglothin/code/AIKB/work/infra-intel-last30.md (754 lines)
[2026-04-27 10:02:04] Outlook analysis OK
[2026-04-27 10:02:04] Committing to AIKB...
[2026-04-27 10:02:05] Push OK
[2026-04-27 10:02:05] === AIKB Ingest complete ===
[2026-04-27 14:00:02] === AIKB Ingest starting ===
[2026-04-27 14:00:03] Scraping Outlook...
[2026-04-27 14:00:11] Outlook scrape OK
[2026-04-27 14:00:11] Copying Teams LevelDB...
[2026-04-27 14:00:13] Teams LDB copy OK
[2026-04-27 14:00:13] Running analysis...
Loading Teams messages (last 30 days)...
  2300 signal messages loaded
Loading conversation names...
  237 conversations named
Generating report...
  Written: /home/tmcglothin/code/AIKB/work/teams-intel-last30.md (73775 chars, 566 lines)
[2026-04-27 14:02:08] Teams analysis OK
Loaded 644 emails from Outlook export
  417 signal emails after noise filter
Written: /home/tmcglothin/code/AIKB/work/infra-intel-last30.md (752 lines)
[2026-04-27 14:02:08] Outlook analysis OK
[2026-04-27 14:02:08] Committing to AIKB...
[2026-04-27 14:02:10] Push OK
[2026-04-27 14:02:10] === AIKB Ingest complete ===
[2026-04-27 18:00:03] === AIKB Ingest starting ===
[2026-04-27 18:00:03] Scraping Outlook...
[2026-04-27 18:00:10] Outlook scrape OK
[2026-04-27 18:00:10] Copying Teams LevelDB...
[2026-04-27 18:00:12] Teams LDB copy OK
[2026-04-27 18:00:12] Running analysis...
Loading Teams messages (last 30 days)...
  2325 signal messages loaded
Loading conversation names...
  238 conversations named
Generating report...
  Written: /home/tmcglothin/code/AIKB/work/teams-intel-last30.md (76587 chars, 597 lines)
[2026-04-27 18:01:59] Teams analysis OK
Loaded 647 emails from Outlook export
  420 signal emails after noise filter
Written: /home/tmcglothin/code/AIKB/work/infra-intel-last30.md (762 lines)
[2026-04-27 18:01:59] Outlook analysis OK
[2026-04-27 18:01:59] Committing to AIKB...
[2026-04-27 18:02:00] Push OK
[2026-04-27 18:02:00] === AIKB Ingest complete ===
[2026-04-27 22:06:40] === AIKB Ingest starting ===
[2026-04-27 22:06:41] Scraping Outlook...
[2026-04-27 22:06:51] WARN: Outlook scrape failed (Outlook may not be running)
[2026-04-27 22:06:51] Copying Teams LevelDB...
[2026-04-27 22:07:10] Teams LDB copy OK
[2026-04-27 22:07:10] Running analysis...
Loading Teams messages (last 30 days)...
  2325 signal messages loaded
Loading conversation names...
  238 conversations named
Generating report...
  Written: /home/tmcglothin/code/AIKB/work/teams-intel-last30.md (66431 chars, 500 lines)
[2026-04-27 22:09:45] Teams analysis OK
Loaded 647 emails from Outlook export
  420 signal emails after noise filter
Written: /home/tmcglothin/code/AIKB/work/infra-intel-last30.md (762 lines)
[2026-04-27 22:09:45] Outlook analysis OK
[2026-04-27 22:09:45] Committing to AIKB...
[2026-04-27 22:09:47] Push OK
[2026-04-27 22:09:47] === AIKB Ingest complete ===
[2026-04-28 03:06:11] === AIKB Ingest starting ===
[2026-04-28 03:06:13] Scraping Outlook...
[2026-04-28 03:06:24] WARN: Outlook scrape failed (Outlook may not be running)
[2026-04-28 03:06:24] Copying Teams LevelDB...
[2026-04-28 03:06:34] WARN: Teams LDB copy failed
[2026-04-28 03:06:34] Running analysis...
Loading Teams messages (last 30 days)...
  2325 signal messages loaded
Loading conversation names...
  238 conversations named
Generating report...
  Written: /home/tmcglothin/code/AIKB/work/teams-intel-last30.md (66431 chars, 500 lines)
[2026-04-28 03:09:14] Teams analysis OK
Loaded 647 emails from Outlook export
  420 signal emails after noise filter
Written: /home/tmcglothin/code/AIKB/work/infra-intel-last30.md (762 lines)
[2026-04-28 03:09:15] Outlook analysis OK
[2026-04-28 03:09:15] Committing to AIKB...
[2026-04-28 03:09:16] Push OK
[2026-04-28 03:09:16] === AIKB Ingest complete ===
[2026-04-28 08:06:34] === AIKB Ingest starting ===
[2026-04-28 08:06:35] Scraping Outlook...
[2026-04-28 08:06:45] WARN: Outlook scrape failed (Outlook may not be running)
[2026-04-28 08:06:45] Copying Teams LevelDB...
[2026-04-28 08:06:55] WARN: Teams LDB copy failed
[2026-04-28 08:06:55] Running analysis...
Loading Teams messages (last 30 days)...
  2325 signal messages loaded
Loading conversation names...
  238 conversations named
Generating report...
  Written: /home/tmcglothin/code/AIKB/work/teams-intel-last30.md (66431 chars, 500 lines)
[2026-04-28 08:11:04] Teams analysis OK
Loaded 647 emails from Outlook export
  420 signal emails after noise filter
Written: /home/tmcglothin/code/AIKB/work/infra-intel-last30.md (762 lines)
[2026-04-28 08:11:04] Outlook analysis OK
[2026-04-28 08:11:04] Committing to AIKB...
[2026-04-28 08:11:05] Push OK
[2026-04-28 08:11:05] === AIKB Ingest complete ===
[2026-04-28 12:04:42] === AIKB Ingest starting ===
[2026-04-28 12:04:42] Scraping Outlook...
[2026-04-28 12:04:50] Outlook scrape OK
[2026-04-28 12:04:50] Copying Teams LevelDB...
[2026-04-28 12:04:52] Teams LDB copy OK
[2026-04-28 12:04:52] Running analysis...
Loading Teams messages (last 30 days)...
  2513 signal messages loaded
Loading conversation names...
  243 conversations named
Generating report...
  Written: /home/tmcglothin/code/AIKB/work/teams-intel-last30.md (76992 chars, 602 lines)
[2026-04-28 12:06:39] Teams analysis OK
Loaded 662 emails from Outlook export
  352 signal emails after noise filter (53% pass-through)
  WARNING: pass-through rate 53% — noise filter may be too permissive
Written: /home/tmcglothin/code/AIKB/work/infra-intel-last30.md (438 lines)
[2026-04-28 12:06:39] Outlook analysis OK
[2026-04-28 12:06:39] Committing to AIKB...
[2026-04-28 12:06:40] Push OK
[2026-04-28 12:06:40] === AIKB Ingest complete ===
[2026-04-28 16:04:42] === AIKB Ingest starting ===
[2026-04-28 16:04:42] Scraping Outlook...
[2026-04-28 16:04:50] Outlook scrape OK
[2026-04-28 16:04:50] Copying Teams LevelDB...
[2026-04-28 16:04:52] Teams LDB copy OK
[2026-04-28 16:04:52] Running analysis...
Loading Teams messages (last 30 days)...
  2530 signal messages loaded
Loading conversation names...
  242 conversations named
Generating report...
  Written: /home/tmcglothin/code/AIKB/work/teams-intel-last30.md (76855 chars, 606 lines)
[2026-04-28 16:06:59] Teams analysis OK
Loaded 671 emails from Outlook export
  289 signal emails after noise filter (43% pass-through)
Written: /home/tmcglothin/code/AIKB/work/infra-intel-last30.md (438 lines)
[2026-04-28 16:06:59] Outlook analysis OK
[2026-04-28 16:06:59] Committing to AIKB...
[2026-04-28 16:07:00] Push OK
[2026-04-28 16:07:00] === AIKB Ingest complete ===
[2026-04-28 22:42:30] === AIKB Ingest starting ===
[2026-04-28 22:42:31] Scraping Outlook...
[2026-04-28 22:42:41] WARN: Outlook scrape failed (Outlook may not be running)
[2026-04-28 22:42:41] Copying Teams LevelDB...
[2026-04-28 22:42:52] WARN: Teams LDB copy failed
[2026-04-28 22:42:52] Running analysis...
Loading Teams messages (last 30 days)...
  2530 signal messages loaded
Loading conversation names...
  242 conversations named
Generating report...
  Written: /home/tmcglothin/code/AIKB/work/teams-intel-last30.md (60118 chars, 477 lines)
[2026-04-28 22:47:10] Teams analysis OK
Loaded 671 emails from Outlook export
  289 signal emails after noise filter (43% pass-through)
Written: /home/tmcglothin/code/AIKB/work/infra-intel-last30.md (438 lines)
[2026-04-28 22:47:10] Outlook analysis OK
[2026-04-28 22:47:10] Committing to AIKB...
[2026-04-28 22:47:11] Push OK
[2026-04-28 22:47:11] === AIKB Ingest complete ===
[2026-04-29 00:58:26] === AIKB Ingest starting ===
[2026-04-29 00:58:27] Scraping Outlook...
[2026-04-29 00:59:13] Outlook scrape OK
[2026-04-29 00:59:13] Copying Teams LevelDB...
[2026-04-29 00:59:16] Teams LDB copy OK
[2026-04-29 00:59:16] Running analysis...
[2026-04-29 04:04:42] === AIKB Ingest starting ===
[2026-04-29 04:04:42] Scraping Outlook...
[2026-04-29 04:04:49] Outlook scrape OK
[2026-04-29 04:04:49] Copying Teams LevelDB...
[2026-04-29 04:04:51] Teams LDB copy OK
[2026-04-29 04:04:51] Running analysis...
Loading Teams messages (last 30 days)...
  2533 signal messages loaded
Loading conversation names...
  245 conversations named
Generating report...
  Written: /home/tmcglothin/code/AIKB/work/teams-intel-last30.md (60336 chars, 477 lines)
[2026-04-29 04:06:49] Teams analysis OK
Loaded 674 emails from Outlook export
  291 signal emails after noise filter (43% pass-through)
Written: /home/tmcglothin/code/AIKB/work/infra-intel-last30.md (438 lines)
[2026-04-29 04:06:49] Outlook analysis OK
[2026-04-29 04:06:49] Committing to AIKB...
[2026-04-29 04:06:51] Push OK
[2026-04-29 04:06:51] === AIKB Ingest complete ===
[2026-04-29 08:41:10] === AIKB Ingest starting ===
[2026-04-29 08:41:11] Scraping Outlook...
[2026-04-29 08:41:23] WARN: Outlook scrape failed (Outlook may not be running)
[2026-04-29 08:41:23] Copying Teams LevelDB...
[2026-04-29 08:41:33] WARN: Teams LDB copy failed
[2026-04-29 08:41:33] Running analysis...
Loading Teams messages (last 30 days)...
  2529 signal messages loaded
Loading conversation names...
  245 conversations named
Generating report...
  Written: /home/tmcglothin/code/AIKB/work/teams-intel-last30.md (60076 chars, 476 lines)
[2026-04-29 08:46:25] Teams analysis OK
Loaded 674 emails from Outlook export
  291 signal emails after noise filter (43% pass-through)
Written: /home/tmcglothin/code/AIKB/work/infra-intel-last30.md (438 lines)
[2026-04-29 08:46:25] Outlook analysis OK
[2026-04-29 08:46:25] Committing to AIKB...
[2026-04-29 08:46:26] Push OK
[2026-04-29 08:46:26] === AIKB Ingest complete ===
[2026-04-29 12:38:46] === AIKB Ingest starting ===
[2026-04-29 12:38:46] Scraping Outlook...
[2026-04-29 12:38:55] Outlook scrape OK
[2026-04-29 12:38:55] Copying Teams LevelDB...
[2026-04-29 12:38:57] Teams LDB copy OK
[2026-04-29 12:38:57] Running analysis...
Loading Teams messages (last 30 days)...
  2506 signal messages loaded
Loading conversation names...
  15 conversations named
Generating report...
  Written: /home/tmcglothin/code/AIKB/work/teams-intel-last30.md (28696 chars, 231 lines)
[2026-04-29 12:40:58] Teams analysis OK
Loaded 676 emails from Outlook export
  294 signal emails after noise filter (43% pass-through)
Written: /home/tmcglothin/code/AIKB/work/infra-intel-last30.md (437 lines)
[2026-04-29 12:40:58] Outlook analysis OK
[2026-04-29 12:40:58] Committing to AIKB...
[2026-04-29 12:41:00] Push OK
[2026-04-29 12:41:00] === AIKB Ingest complete ===
[2026-04-29 16:38:46] === AIKB Ingest starting ===
[2026-04-29 16:38:47] Scraping Outlook...
[2026-04-29 16:39:04] Outlook scrape OK
[2026-04-29 16:39:04] Copying Teams LevelDB...
[2026-04-29 16:39:07] Teams LDB copy OK
[2026-04-29 16:39:07] Running analysis...
Loading Teams messages (last 30 days)...
  2508 signal messages loaded
Loading conversation names...
  242 conversations named
Generating report...
  Written: /home/tmcglothin/code/AIKB/work/teams-intel-last30.md (81468 chars, 618 lines)
[2026-04-29 16:41:19] Teams analysis OK
Loaded 670 emails from Outlook export
  291 signal emails after noise filter (43% pass-through)
Written: /home/tmcglothin/code/AIKB/work/infra-intel-last30.md (428 lines)
[2026-04-29 16:41:19] Outlook analysis OK
[2026-04-29 16:41:19] Committing to AIKB...
[2026-04-29 16:41:20] Push OK
[2026-04-29 16:41:20] === AIKB Ingest complete ===
[2026-04-29 22:06:04] === AIKB Ingest starting ===
[2026-04-29 22:06:06] Scraping Outlook...
[2026-04-29 22:06:16] WARN: Outlook scrape failed (Outlook may not be running)
[2026-04-29 22:06:16] Copying Teams LevelDB...
[2026-04-29 22:06:51] Teams LDB copy OK
[2026-04-29 22:06:51] Running analysis...
Loading Teams messages (last 30 days)...
  2503 signal messages loaded
Loading conversation names...
  242 conversations named
Generating report...
  Written: /home/tmcglothin/code/AIKB/work/teams-intel-last30.md (64562 chars, 494 lines)
[2026-04-29 22:10:21] Teams analysis OK
Loaded 670 emails from Outlook export
  291 signal emails after noise filter (43% pass-through)
Written: /home/tmcglothin/code/AIKB/work/infra-intel-last30.md (428 lines)
[2026-04-29 22:10:21] Outlook analysis OK
[2026-04-29 22:10:21] Committing to AIKB...
[2026-04-29 22:10:22] Push OK
[2026-04-29 22:10:22] === AIKB Ingest complete ===
[2026-04-30 00:50:51] === AIKB Ingest starting ===
[2026-04-30 00:50:52] Scraping Outlook...
[2026-04-30 00:51:47] Outlook scrape OK
[2026-04-30 00:51:47] Copying Teams LevelDB...
[2026-04-30 00:51:51] Teams LDB copy OK
[2026-04-30 00:51:51] Running analysis...
[2026-04-30 08:04:53] === AIKB Ingest starting ===
[2026-04-30 08:04:55] Scraping Outlook...
[2026-04-30 08:07:52] Outlook scrape OK
[2026-04-30 08:07:52] Copying Teams LevelDB...
[2026-04-30 08:08:36] Teams LDB copy OK
[2026-04-30 08:08:36] Running analysis...
Loading Teams messages (last 30 days)...
  2508 signal messages loaded
Loading conversation names...
  242 conversations named
Generating report...
  Written: /home/tmcglothin/code/AIKB/work/teams-intel-last30.md (64975 chars, 503 lines)
[2026-04-30 08:12:52] Teams analysis OK
Loaded 661 emails from Outlook export
  284 signal emails after noise filter (43% pass-through)
Written: /home/tmcglothin/code/AIKB/work/infra-intel-last30.md (412 lines)
[2026-04-30 08:12:53] Outlook analysis OK
[2026-04-30 08:12:53] Committing to AIKB...
[2026-04-30 08:12:54] Push OK
[2026-04-30 08:12:54] === AIKB Ingest complete ===
[2026-04-30 08:38:45] === AIKB Ingest starting ===
[2026-04-30 08:38:46] Scraping Outlook...
[2026-04-30 08:38:54] Outlook scrape OK
[2026-04-30 08:38:54] Copying Teams LevelDB...
[2026-04-30 08:38:55] Teams LDB copy OK
[2026-04-30 08:38:55] Running analysis...
Loading Teams messages (last 30 days)...
  2508 signal messages loaded
Loading conversation names...
  242 conversations named
Generating report...
  Written: /home/tmcglothin/code/AIKB/work/teams-intel-last30.md (65281 chars, 504 lines)
[2026-04-30 08:40:50] Teams analysis OK
Loaded 661 emails from Outlook export
  284 signal emails after noise filter (43% pass-through)
Written: /home/tmcglothin/code/AIKB/work/infra-intel-last30.md (412 lines)
[2026-04-30 08:40:50] Outlook analysis OK
[2026-04-30 08:40:50] Committing to AIKB...
[2026-04-30 08:40:52] Push OK
[2026-04-30 08:40:52] === AIKB Ingest complete ===
[2026-04-30 12:04:49] === AIKB Ingest starting ===
[2026-04-30 12:04:49] Scraping Outlook...
[2026-04-30 12:05:02] Outlook scrape OK
[2026-04-30 12:05:02] Copying Teams LevelDB...
[2026-04-30 12:05:06] Teams LDB copy OK
[2026-04-30 12:05:06] Running analysis...
Loading Teams messages (last 30 days)...
  2430 signal messages loaded
Loading conversation names...
  242 conversations named
Generating report...
  Written: /home/tmcglothin/code/AIKB/work/teams-intel-last30.md (69441 chars, 540 lines)
[2026-04-30 12:07:32] Teams analysis OK
Loaded 666 emails from Outlook export
  286 signal emails after noise filter (43% pass-through)
Written: /home/tmcglothin/code/AIKB/work/infra-intel-last30.md (410 lines)
[2026-04-30 12:07:32] Outlook analysis OK
[2026-04-30 12:07:32] Committing to AIKB...
[2026-04-30 12:07:33] Push OK
[2026-04-30 12:07:33] === AIKB Ingest complete ===
